5
3 0 0 3
###.#
##.#.
.#.#.
....#
####.

First path:
	(3, 0), (2, 0), (2, 1), (2, 2), (1, 2), (0, 2), (0, 3)
	Walk until (2, 0)
Second path
	(2, 0), (3, 0), (3, 1), (3, 2), (2, 2), (2, 3), (1, 3), (0, 3)
	Walk until (2, 2)
Third path
	(2, 2) (1, 2) (0, 2) (0, 3)
	Walk until (1, 2)
Fourth path
	(1, 2) (2, 2) (3, 2) (3, 3) (3, 4) (2, 4) (1, 4) (0, 4) (0, 3)
	Walk until (3, 3)
Fifth path
	There is no path.


Computer output:

(3, 0) (2, 0) (2, 1) (2, 2) (1, 2) (1, 3) (0, 3)
Walked until (2, 0)
(2, 0) (3, 0) (3, 1) (3, 2) (2, 2) (2, 3) (1, 3) (0, 3)
Walked until (2, 2)
(2, 2) (1, 2) (0, 2) (0, 3)
Walked until (1, 2)
(1, 2) (2, 2) (3, 2) (3, 3) (3, 4) (2, 4) (1, 4) (0, 4) (0, 3)
Walked until (3, 3)
There is no path
